
Allocating common symbols
Common symbol       size              file

Read_length         0x1               1c102_main.o
uart_rec            0xa               init.o
nmi_caller          0x4               1c102_cmdline.o
exti_irq_handle     0x80              1c102_Interrupt.o
STS                 0x1               ls1c102_i2c.o
v                   0x2               1c102_main.o
Circular_queue      0x130             queue.o
uart_rec_len        0x1               init.o
_rand_next          0x4               ls1x_printf.o
str                 0x32              1c102_main.o
Flash_pe            0x1               ls1x_flash.o
Read_Buffer         0x12c             esp8266.o

Discarded input sections

 .text          0x0000000000000000       0x14 start.o
 .data          0x0000000000000000        0x0 start.o
 .bss           0x0000000000000000        0x0 start.o
 .data          0x0000000000000000        0x0 serial.o
 .bss           0x0000000000000000        0x0 serial.o
 .data          0x0000000000000000        0x0 wakeup.o
 .bss           0x0000000000000000        0x0 wakeup.o
 .text          0x0000000000000000        0x0 UserGpio.o
 .data          0x0000000000000000        0x0 UserGpio.o
 .bss           0x0000000000000000        0x0 UserGpio.o
 .eh_frame      0x0000000000000000       0x3c UserGpio.o
 .text          0x0000000000000000        0x0 init.o
 .data          0x0000000000000000        0x0 init.o
 .bss           0x0000000000000000        0x0 init.o
 .eh_frame      0x0000000000000000       0x3c init.o
 COMMON         0x0000000000000000        0xb init.o
 .text          0x0000000000000000        0x0 ls1x_gpio.o
 .data          0x0000000000000000        0x0 ls1x_gpio.o
 .bss           0x0000000000000000        0x0 ls1x_gpio.o
 .text.GPIO_Init
                0x0000000000000000       0x68 ls1x_gpio.o
 .text.gpio_set_InputStatus
                0x0000000000000000      0x128 ls1x_gpio.o
 .eh_frame      0x0000000000000000      0x110 ls1x_gpio.o
 .text          0x0000000000000000        0x0 ls1x_spi.o
 .data          0x0000000000000000        0x0 ls1x_spi.o
 .bss           0x0000000000000000        0x0 ls1x_spi.o
 .rodata        0x0000000000000000       0x42 ls1x_spi.o
 .text.Spi_FreqDiv
                0x0000000000000000      0x140 ls1x_spi.o
 .text.Spi_Init
                0x0000000000000000       0x70 ls1x_spi.o
 .text.Spi_Write_Read_1to4
                0x0000000000000000       0xf0 ls1x_spi.o
 .text.Spi_Write_Read_N
                0x0000000000000000      0x124 ls1x_spi.o
 .text.Spi_Cs_Down
                0x0000000000000000       0x58 ls1x_spi.o
 .text.Spi_Cs_Up
                0x0000000000000000       0x54 ls1x_spi.o
 .text.Spi_Send
                0x0000000000000000       0x40 ls1x_spi.o
 .text.Spiflash_Rdsr
                0x0000000000000000       0x4c ls1x_spi.o
 .text.Spiflash_Wait_Wip_Zero
                0x0000000000000000       0x38 ls1x_spi.o
 .text.Spiflash_Wren
                0x0000000000000000       0x4c ls1x_spi.o
 .text.Spiflash_Wrsr
                0x0000000000000000       0x5c ls1x_spi.o
 .text.Spiflash_Rdsr2
                0x0000000000000000       0x4c ls1x_spi.o
 .text.Spiflash_Rdsr3
                0x0000000000000000       0x4c ls1x_spi.o
 .text.Spiflash_Rdid
                0x0000000000000000       0x68 ls1x_spi.o
 .text.Spiflash_Sector_Erase
                0x0000000000000000       0x90 ls1x_spi.o
 .text.Spiflash_Block64k_Erase
                0x0000000000000000       0x90 ls1x_spi.o
 .text.Spiflash_Page_Program
                0x0000000000000000       0xa4 ls1x_spi.o
 .text.Spiflash_Read_Bytes
                0x0000000000000000       0x9c ls1x_spi.o
 .text.SPI_TransByte
                0x0000000000000000       0xe8 ls1x_spi.o
 .text.SpiFlashCsn0Enable
                0x0000000000000000       0x28 ls1x_spi.o
 .text.SpiFlashCsn0Disable
                0x0000000000000000       0x28 ls1x_spi.o
 .comment       0x0000000000000000       0x12 ls1x_spi.o
 .eh_frame      0x0000000000000000      0x320 ls1x_spi.o
 .text          0x0000000000000000        0x0 ls1x_printf.o
 .data          0x0000000000000000        0x0 ls1x_printf.o
 .bss           0x0000000000000000        0x0 ls1x_printf.o
 .rodata        0x0000000000000000        0x7 ls1x_printf.o
 .text.printBuf
                0x0000000000000000       0x78 ls1x_printf.o
 .text.myputchar2
                0x0000000000000000       0x84 ls1x_printf.o
 .text.mygetchar
                0x0000000000000000       0x38 ls1x_printf.o
 .text.printbase2
                0x0000000000000000      0x178 ls1x_printf.o
 .text.puts2    0x0000000000000000       0x88 ls1x_printf.o
 .text.myprintf2
                0x0000000000000000      0x414 ls1x_printf.o
 .rodata.myprintf2
                0x0000000000000000      0x150 ls1x_printf.o
 .text.rand     0x0000000000000000       0x5c ls1x_printf.o
 .eh_frame      0x0000000000000000      0x27c ls1x_printf.o
 COMMON         0x0000000000000000        0x4 ls1x_printf.o
 .text          0x0000000000000000        0x0 ls1x_uart.o
 .data          0x0000000000000000        0x0 ls1x_uart.o
 .bss           0x0000000000000000        0x0 ls1x_uart.o
 .text.Uart_init
                0x0000000000000000       0xa4 ls1x_uart.o
 .text.UART_GetFlagStatus
                0x0000000000000000       0x64 ls1x_uart.o
 .text.UART_GetITStatus
                0x0000000000000000       0x60 ls1x_uart.o
 .text.UART_ClearITPendingBit
                0x0000000000000000       0xa4 ls1x_uart.o
 .text.x_getchar
                0x0000000000000000       0x2c ls1x_uart.o
 .text.UartInit
                0x0000000000000000       0x6c ls1x_uart.o
 .text.Uart2_init
                0x0000000000000000       0x7c ls1x_uart.o
 .text.Uart1_init_test
                0x0000000000000000       0x80 ls1x_uart.o
 .text.Uart0_send
                0x0000000000000000       0x3c ls1x_uart.o
 .text.Uart1_send
                0x0000000000000000       0x3c ls1x_uart.o
 .text.Uart2_send
                0x0000000000000000       0x3c ls1x_uart.o
 .eh_frame      0x0000000000000000      0x2c8 ls1x_uart.o
 .text          0x0000000000000000        0x0 ls1x_clock.o
 .data          0x0000000000000000        0x0 ls1x_clock.o
 .bss           0x0000000000000000        0x0 ls1x_clock.o
 .text.CLOCK_checkSelect
                0x0000000000000000       0xc0 ls1x_clock.o
 .text.CLOCK_GetFlagStatus
                0x0000000000000000       0x3c ls1x_clock.o
 .text.CLOCK_GetClocksFreq
                0x0000000000000000       0x6c ls1x_clock.o
 .eh_frame      0x0000000000000000      0x18c ls1x_clock.o
 .text          0x0000000000000000        0x0 ls1x_common.o
 .data          0x0000000000000000        0x0 ls1x_common.o
 .bss           0x0000000000000000        0x0 ls1x_common.o
 .text.IsGlobalIntOpen
                0x0000000000000000       0x38 ls1x_common.o
 .text.DisableExtInt
                0x0000000000000000       0x40 ls1x_common.o
 .text.EnableExtInt
                0x0000000000000000       0x3c ls1x_common.o
 .text.Set_soft_int
                0x0000000000000000       0x24 ls1x_common.o
 .text.Set_soft_stop
                0x0000000000000000       0x24 ls1x_common.o
 .text.Set_Timer_Init
                0x0000000000000000       0x30 ls1x_common.o
 .text.Wake_256sec_Set
                0x0000000000000000       0xa8 ls1x_common.o
 .eh_frame      0x0000000000000000      0x19c ls1x_common.o
 .text          0x0000000000000000        0x0 ls1x_pmu.o
 .data          0x0000000000000000        0x0 ls1x_pmu.o
 .bss           0x0000000000000000        0x0 ls1x_pmu.o
 .eh_frame      0x0000000000000000       0x58 ls1x_pmu.o
 .text          0x0000000000000000        0x0 ls1x_logo.o
 .data          0x0000000000000000        0x0 ls1x_logo.o
 .bss           0x0000000000000000        0x0 ls1x_logo.o
 .eh_frame      0x0000000000000000       0x3c ls1x_logo.o
 .text          0x0000000000000000        0x0 ls1x_latimer.o
 .data          0x0000000000000000        0x0 ls1x_latimer.o
 .bss           0x0000000000000000        0x0 ls1x_latimer.o
 .text.close_count
                0x0000000000000000       0x24 ls1x_latimer.o
 .text.delay_us
                0x0000000000000000       0x38 ls1x_latimer.o
 .text.delay_s  0x0000000000000000       0x3c ls1x_latimer.o
 .text.SetTime  0x0000000000000000       0x54 ls1x_latimer.o
 .text.CompareTime
                0x0000000000000000       0x50 ls1x_latimer.o
 .eh_frame      0x0000000000000000      0x19c ls1x_latimer.o
 .text          0x0000000000000000        0x0 ls1x_string.o
 .data          0x0000000000000000        0x0 ls1x_string.o
 .bss           0x0000000000000000        0x0 ls1x_string.o
 .text.memcmp   0x0000000000000000       0x88 ls1x_string.o
 .text.memcpy   0x0000000000000000       0x70 ls1x_string.o
 .text.strstr   0x0000000000000000       0xe0 ls1x_string.o
 .text.pstrstr  0x0000000000000000       0xc8 ls1x_string.o
 .text.strchr   0x0000000000000000       0x80 ls1x_string.o
 .text.atoi     0x0000000000000000       0xe4 ls1x_string.o
 .text.itoa     0x0000000000000000      0x17c ls1x_string.o
 .text.strcat   0x0000000000000000       0xa0 ls1x_string.o
 .text.strcmp   0x0000000000000000       0x84 ls1x_string.o
 .text.strncmp  0x0000000000000000       0xa0 ls1x_string.o
 .text.isContained
                0x0000000000000000       0x78 ls1x_string.o
 .text.strtok_r
                0x0000000000000000      0x1d4 ls1x_string.o
 .text.str_to_hex
                0x0000000000000000       0xf4 ls1x_string.o
 .text.atohex   0x0000000000000000      0x164 ls1x_string.o
 .eh_frame      0x0000000000000000      0x27c ls1x_string.o
 .text          0x0000000000000000        0x0 ls1x_flash.o
 .data          0x0000000000000000        0x0 ls1x_flash.o
 .bss           0x0000000000000000        0x0 ls1x_flash.o
 .text.FLASH_ErasePage
                0x0000000000000000       0x50 ls1x_flash.o
 .text.FLASH_EraseUserFlash
                0x0000000000000000       0x9c ls1x_flash.o
 .text.FLASH_ReadPage
                0x0000000000000000       0xa4 ls1x_flash.o
 .text.FLASH_WitePage
                0x0000000000000000      0x48c ls1x_flash.o
 .text.ls1c_flash_write2
                0x0000000000000000      0x17c ls1x_flash.o
 .text.ls1c_flash_write_data
                0x0000000000000000      0x144 ls1x_flash.o
 .text.FLASH_WaitForPeEnd
                0x0000000000000000       0x80 ls1x_flash.o
 .text.FLASH_GetStatus
                0x0000000000000000       0x34 ls1x_flash.o
 .text.FLASH_GetFlagStatus
                0x0000000000000000       0x4c ls1x_flash.o
 .text.FLASH_ITConfig
                0x0000000000000000       0x64 ls1x_flash.o
 .text.FLASH_ITCmd
                0x0000000000000000       0x68 ls1x_flash.o
 .text.FLASH_ClearIT
                0x0000000000000000       0x50 ls1x_flash.o
 .text.FLASH_WiteTest
                0x0000000000000000       0xa4 ls1x_flash.o
 .rodata        0x0000000000000000        0xa ls1x_flash.o
 .text.FLASH_ReadTest
                0x0000000000000000       0xc0 ls1x_flash.o
 .comment       0x0000000000000000       0x12 ls1x_flash.o
 .eh_frame      0x0000000000000000      0x21c ls1x_flash.o
 COMMON         0x0000000000000000        0x1 ls1x_flash.o
 .text          0x0000000000000000        0x0 ls1x_rtc.o
 .data          0x0000000000000000        0x0 ls1x_rtc.o
 .bss           0x0000000000000000        0x0 ls1x_rtc.o
 .text.Rtc_Read
                0x0000000000000000       0xec ls1x_rtc.o
 .text.Rtc_Write
                0x0000000000000000      0x16c ls1x_rtc.o
 .text.RtcUpdateData
                0x0000000000000000       0x4c ls1x_rtc.o
 .comment       0x0000000000000000       0x12 ls1x_rtc.o
 .eh_frame      0x0000000000000000       0x80 ls1x_rtc.o
 .text          0x0000000000000000        0x0 ls1x_exti.o
 .data          0x0000000000000000        0x0 ls1x_exti.o
 .bss           0x0000000000000000        0x0 ls1x_exti.o
 .text.EXTI_DeInit
                0x0000000000000000       0x40 ls1x_exti.o
 .text.EXTI_Init
                0x0000000000000000      0x188 ls1x_exti.o
 .text.EXTI_StructInit
                0x0000000000000000       0x44 ls1x_exti.o
 .text.EXTI_GetFlagStatus
                0x0000000000000000       0x50 ls1x_exti.o
 .text.EXTI_ClearFlag
                0x0000000000000000       0x3c ls1x_exti.o
 .text.EXTI_GetITStatus
                0x0000000000000000       0x70 ls1x_exti.o
 .eh_frame      0x0000000000000000       0xfc ls1x_exti.o
 .text          0x0000000000000000        0x0 ls1x_wdg.o
 .data          0x0000000000000000        0x0 ls1x_wdg.o
 .bss           0x0000000000000000        0x0 ls1x_wdg.o
 .eh_frame      0x0000000000000000       0xa4 ls1x_wdg.o
 .text          0x0000000000000000        0x0 ls1c102_i2c.o
 .data          0x0000000000000000        0x0 ls1c102_i2c.o
 .bss           0x0000000000000000        0x0 ls1c102_i2c.o
 .text.I2C_delay_my
                0x0000000000000000       0x3c ls1c102_i2c.o
 .text.I2C_Init
                0x0000000000000000      0x104 ls1c102_i2c.o
 .text.I2C_StructInit
                0x0000000000000000       0x5c ls1c102_i2c.o
 .text.I2C_ITConfig
                0x0000000000000000       0x6c ls1c102_i2c.o
 .text.I2C_ITCmd
                0x0000000000000000       0x90 ls1c102_i2c.o
 .text.I2C_GenerateSTART
                0x0000000000000000       0x7c ls1c102_i2c.o
 .text.I2C_GenerateSTOP
                0x0000000000000000       0x7c ls1c102_i2c.o
 .text.I2C_AcknowledgeConfig
                0x0000000000000000       0x6c ls1c102_i2c.o
 .text.I2C_SendData
                0x0000000000000000       0x50 ls1c102_i2c.o
 .text.I2C_ReceiveData
                0x0000000000000000       0x60 ls1c102_i2c.o
 .rodata        0x0000000000000000       0xaf ls1c102_i2c.o
 .text.I2C_Send7bitAddress
                0x0000000000000000       0xac ls1c102_i2c.o
 .text.I2C_ReadRegister
                0x0000000000000000       0x50 ls1c102_i2c.o
 .text.I2C_ClearFlag
                0x0000000000000000       0x48 ls1c102_i2c.o
 .text.I2C_GetStatus
                0x0000000000000000       0x5c ls1c102_i2c.o
 .text.I2C_ClearIT
                0x0000000000000000       0x50 ls1c102_i2c.o
 .text.I2C_wait
                0x0000000000000000       0x48 ls1c102_i2c.o
 .text.I2C_BUSY
                0x0000000000000000       0x48 ls1c102_i2c.o
 .text.I2C_Unlock
                0x0000000000000000       0x54 ls1c102_i2c.o
 .text.CAT24_Write
                0x0000000000000000      0x15c ls1c102_i2c.o
 .text.CAT24_Read
                0x0000000000000000      0x160 ls1c102_i2c.o
 .text.CAT24_Write_Int
                0x0000000000000000      0x140 ls1c102_i2c.o
 .text.CAT24_Read_Int
                0x0000000000000000      0x16c ls1c102_i2c.o
 .comment       0x0000000000000000       0x12 ls1c102_i2c.o
 .eh_frame      0x0000000000000000      0x338 ls1c102_i2c.o
 COMMON         0x0000000000000000        0x1 ls1c102_i2c.o
 .text          0x0000000000000000        0x0 ls1c102_vpwm.o
 .data          0x0000000000000000        0x0 ls1c102_vpwm.o
 .bss           0x0000000000000000        0x0 ls1c102_vpwm.o
 .comment       0x0000000000000000       0x12 ls1c102_vpwm.o
 .text          0x0000000000000000        0x0 ls1c102_adc.o
 .data          0x0000000000000000        0x0 ls1c102_adc.o
 .bss           0x0000000000000000        0x0 ls1c102_adc.o
 .text.Adc_powerOn
                0x0000000000000000       0x54 ls1c102_adc.o
 .text.Adc_powerOff
                0x0000000000000000       0x50 ls1c102_adc.o
 .text.Adc_open
                0x0000000000000000       0xb0 ls1c102_adc.o
 .text.Adc_close
                0x0000000000000000       0xe4 ls1c102_adc.o
 .text.Adc_openGroup
                0x0000000000000000       0xa0 ls1c102_adc.o
 .text.Adc_closeGroup
                0x0000000000000000       0xd4 ls1c102_adc.o
 .text.Adc_singleMeasure
                0x0000000000000000       0x90 ls1c102_adc.o
 .text.Adc_Measure
                0x0000000000000000       0xdc ls1c102_adc.o
 .text.Adc_getVoltage
                0x0000000000000000       0x68 ls1c102_adc.o
 .comment       0x0000000000000000       0x12 ls1c102_adc.o
 .eh_frame      0x0000000000000000      0x170 ls1c102_adc.o
 .text          0x0000000000000000        0x0 ls1c102_touch.o
 .data          0x0000000000000000        0x0 ls1c102_touch.o
 .bss           0x0000000000000000        0x0 ls1c102_touch.o
 .text.Touch_CountBaseInit
                0x0000000000000000       0x90 ls1c102_touch.o
 .text.Touch_PerformInit
                0x0000000000000000       0x88 ls1c102_touch.o
 .text.Touch_ControlConfig
                0x0000000000000000       0xc8 ls1c102_touch.o
 .text.TOUCH_Cmd
                0x0000000000000000       0x68 ls1c102_touch.o
 .text.TOUCH_EnablePollScan
                0x0000000000000000       0x30 ls1c102_touch.o
 .text.TOUCH_disablePollScan
                0x0000000000000000       0x34 ls1c102_touch.o
 .text.TOUCH_EnableSingleScan
                0x0000000000000000       0x30 ls1c102_touch.o
 .text.TOUCH_GetDownTh
                0x0000000000000000       0x48 ls1c102_touch.o
 .text.TOUCH_SetDownTh
                0x0000000000000000       0x7c ls1c102_touch.o
 .text.TOUCH_SetBaseVal
                0x0000000000000000       0x7c ls1c102_touch.o
 .text.TOUCH_SetChnAttr
                0x0000000000000000       0x7c ls1c102_touch.o
 .text.TOUCH_SetAllChnAttr
                0x0000000000000000       0x64 ls1c102_touch.o
 .text.TOUCH_SetAllChnAttr2
                0x0000000000000000       0x90 ls1c102_touch.o
 .text.TOUCH_Init
                0x0000000000000000       0xfc ls1c102_touch.o
 .eh_frame      0x0000000000000000      0x2bc ls1c102_touch.o
 .text          0x0000000000000000        0x0 ls1c102_ptimer.o
 .data          0x0000000000000000        0x0 ls1c102_ptimer.o
 .bss           0x0000000000000000        0x0 ls1c102_ptimer.o
 .text.TIM_Cmd  0x0000000000000000       0x54 ls1c102_ptimer.o
 .text.TIM_ITConfig
                0x0000000000000000       0x90 ls1c102_ptimer.o
 .text.TIM_GetCounter
                0x0000000000000000       0x34 ls1c102_ptimer.o
 .text.TIM_SetCounter
                0x0000000000000000       0x30 ls1c102_ptimer.o
 .text.TIM_SetCompare
                0x0000000000000000       0x30 ls1c102_ptimer.o
 .text.TIM_GetCompare
                0x0000000000000000       0x34 ls1c102_ptimer.o
 .eh_frame      0x0000000000000000      0x18c ls1c102_ptimer.o
 .text          0x0000000000000000        0x0 1c102_cmdline.o
 .data          0x0000000000000000        0x0 1c102_cmdline.o
 .bss           0x0000000000000000        0x0 1c102_cmdline.o
 .rodata        0x0000000000000000      0x3a8 1c102_cmdline.o
 .data.cmd      0x0000000000000000      0x1f0 1c102_cmdline.o
 .text.do_exit  0x0000000000000000       0x28 1c102_cmdline.o
 .text.do_help  0x0000000000000000      0x208 1c102_cmdline.o
 .text.cmdline  0x0000000000000000      0xdbc 1c102_cmdline.o
 .comment       0x0000000000000000       0x12 1c102_cmdline.o
 .eh_frame      0x0000000000000000       0x84 1c102_cmdline.o
 COMMON         0x0000000000000000        0x4 1c102_cmdline.o
 .text          0x0000000000000000        0x0 1c102_cmd.o
 .data          0x0000000000000000        0x0 1c102_cmd.o
 .bss           0x0000000000000000        0x0 1c102_cmd.o
 .text.do_nothing
                0x0000000000000000       0x20 1c102_cmd.o
 .rodata        0x0000000000000000      0x875 1c102_cmd.o
 .text.do_d1    0x0000000000000000      0x114 1c102_cmd.o
 .text.do_d4    0x0000000000000000      0x120 1c102_cmd.o
 .text.do_m1    0x0000000000000000       0x90 1c102_cmd.o
 .text.do_m4    0x0000000000000000       0x8c 1c102_cmd.o
 .text.str2num  0x0000000000000000      0x214 1c102_cmd.o
 .text.v_play   0x0000000000000000       0x68 1c102_cmd.o
 .text.touch_reg_show
                0x0000000000000000      0x100 1c102_cmd.o
 .text.touch_value_show
                0x0000000000000000       0xd4 1c102_cmd.o
 .text.touch_test
                0x0000000000000000      0x274 1c102_cmd.o
 .text.hpet     0x0000000000000000      0x100 1c102_cmd.o
 .text.latimer  0x0000000000000000       0x94 1c102_cmd.o
 .text.delay    0x0000000000000000      0x104 1c102_cmd.o
 .text.wakeup   0x0000000000000000       0x90 1c102_cmd.o
 .text.a_to_n   0x0000000000000000       0x60 1c102_cmd.o
 .text.date     0x0000000000000000      0x48c 1c102_cmd.o
 .text.watch_dog
                0x0000000000000000       0x84 1c102_cmd.o
 .text.i2cp     0x0000000000000000       0x4c 1c102_cmd.o
 .text.i2cw     0x0000000000000000      0x10c 1c102_cmd.o
 .text.i2cr     0x0000000000000000       0xe0 1c102_cmd.o
 .text.adc      0x0000000000000000      0x1a4 1c102_cmd.o
 .text.batdet   0x0000000000000000      0x170 1c102_cmd.o
 .text.copy     0x0000000000000000      0x190 1c102_cmd.o
 .text.uart_init
                0x0000000000000000       0xac 1c102_cmd.o
 .text.sleep    0x0000000000000000       0xa4 1c102_cmd.o
 .text.spi_init
                0x0000000000000000       0x68 1c102_cmd.o
 .text.spi_write
                0x0000000000000000      0x134 1c102_cmd.o
 .text.spi_read
                0x0000000000000000      0x174 1c102_cmd.o
 .text.spi_erase
                0x0000000000000000       0x90 1c102_cmd.o
 .text.spi_flash
                0x0000000000000000      0x258 1c102_cmd.o
 .text.gpio_int_test
                0x0000000000000000       0x9c 1c102_cmd.o
 .text.gpio_int
                0x0000000000000000       0x34 1c102_cmd.o
 .text.tmp      0x0000000000000000       0x50 1c102_cmd.o
 .text.m4_flash
                0x0000000000000000       0xb4 1c102_cmd.o
 .text.copy_iram
                0x0000000000000000      0x138 1c102_cmd.o
 .comment       0x0000000000000000       0x12 1c102_cmd.o
 .eh_frame      0x0000000000000000      0x57c 1c102_cmd.o
 .text          0x0000000000000000        0x0 1c102_Interrupt.o
 .data          0x0000000000000000        0x0 1c102_Interrupt.o
 .bss           0x0000000000000000        0x0 1c102_Interrupt.o
 .text.SOFT_INT
                0x0000000000000000       0x34 1c102_Interrupt.o
 .text.TIMER_8M_INT
                0x0000000000000000       0x44 1c102_Interrupt.o
 .text.INTC     0x0000000000000000       0x1c 1c102_Interrupt.o
 .text.RING     0x0000000000000000       0x1c 1c102_Interrupt.o
 .eh_frame      0x0000000000000000      0x648 1c102_Interrupt.o
 COMMON         0x0000000000000000       0x80 1c102_Interrupt.o
 .text          0x0000000000000000        0x0 iic.o
 .data          0x0000000000000000        0x0 iic.o
 .bss           0x0000000000000000        0x0 iic.o
 .text.IIC_Ack  0x0000000000000000       0x60 iic.o
 .text.IIC_NAck
                0x0000000000000000       0x60 iic.o
 .text.IIC_Read_Byte
                0x0000000000000000       0xb4 iic.o
 .eh_frame      0x0000000000000000      0x1bc iic.o
 .text          0x0000000000000000        0x0 oled.o
 .data          0x0000000000000000        0x0 oled.o
 .bss           0x0000000000000000        0x0 oled.o
 .text.OLED_Display_On
                0x0000000000000000       0x48 oled.o
 .text.OLED_Display_Off
                0x0000000000000000       0x48 oled.o
 .text.OLED_Draw
                0x0000000000000000       0xa8 oled.o
 .text.OLED_DrawBMP
                0x0000000000000000      0x10c oled.o
 .text.OLED_ShowString
                0x0000000000000000      0x12c oled.o
 .rodata        0x0000000000000000        0x6 oled.o
 .text.OLED_ShowInt32Num
                0x0000000000000000      0x130 oled.o
 .eh_frame      0x0000000000000000      0x260 oled.o
 .text          0x0000000000000000        0x0 PID.o
 .data          0x0000000000000000        0x0 PID.o
 .bss           0x0000000000000000        0x0 PID.o
 .bss.Err2      0x0000000000000000        0x2 PID.o
 .bss.last_err2
                0x0000000000000000        0x2 PID.o
 .bss.next_err2
                0x0000000000000000        0x2 PID.o
 .bss.pwm2      0x0000000000000000        0x2 PID.o
 .bss.add2      0x0000000000000000        0x2 PID.o
 .data.p2       0x0000000000000000        0x2 PID.o
 .bss.i2        0x0000000000000000        0x2 PID.o
 .bss.d2        0x0000000000000000        0x2 PID.o
 .eh_frame      0x0000000000000000       0x7c PID.o
 .text          0x0000000000000000        0x0 1c102_main.o
 .data          0x0000000000000000        0x0 1c102_main.o
 .bss           0x0000000000000000        0x0 1c102_main.o
 .bss.received_data
                0x0000000000000000        0x1 1c102_main.o
 .bss.motor_rp  0x0000000000000000        0x4 1c102_main.o
 .bss.counter   0x0000000000000000        0x4 1c102_main.o
 .eh_frame      0x0000000000000000       0x34 1c102_main.o
 .text          0x0000000000000000        0x0 dht11.o
 .data          0x0000000000000000        0x0 dht11.o
 .bss           0x0000000000000000        0x0 dht11.o
 .text.DHT11_Rst
                0x0000000000000000       0x50 dht11.o
 .text.DHT11_IO_In
                0x0000000000000000       0x30 dht11.o
 .text.DHT11_IO_Out
                0x0000000000000000       0x30 dht11.o
 .text.DHT11_Check
                0x0000000000000000       0xb4 dht11.o
 .text.DHT11_Read_Bit
                0x0000000000000000       0xa8 dht11.o
 .text.DHT11_Read_Byte
                0x0000000000000000       0x70 dht11.o
 .text.DHT11_Read_Data
                0x0000000000000000      0x10c dht11.o
 .text.DHT11_Init
                0x0000000000000000       0x40 dht11.o
 .comment       0x0000000000000000       0x12 dht11.o
 .eh_frame      0x0000000000000000      0x148 dht11.o
 .text          0x0000000000000000        0x0 led.o
 .data          0x0000000000000000        0x0 led.o
 .bss           0x0000000000000000        0x0 led.o
 .text.LED_Init
                0x0000000000000000       0x54 led.o
 .text.LED_On   0x0000000000000000       0x3c led.o
 .text.LED_Off  0x0000000000000000       0x3c led.o
 .text.LED_Toggle
                0x0000000000000000       0x4c led.o
 .comment       0x0000000000000000       0x12 led.o
 .eh_frame      0x0000000000000000       0xa4 led.o
 .text          0x0000000000000000        0x0 key.o
 .data          0x0000000000000000        0x0 key.o
 .bss           0x0000000000000000        0x0 key.o
 .text.KEY_Init
                0x0000000000000000       0x54 key.o
 .text.KEY_Check
                0x0000000000000000       0x88 key.o
 .comment       0x0000000000000000       0x12 key.o
 .eh_frame      0x0000000000000000       0x60 key.o
 .text          0x0000000000000000        0x0 esp8266.o
 .data          0x0000000000000000        0x0 esp8266.o
 .bss           0x0000000000000000        0x0 esp8266.o
 .bss.wifi_connected
                0x0000000000000000        0x1 esp8266.o
 .rodata        0x0000000000000000       0x47 esp8266.o
 .text.esp8266_check_cmd
                0x0000000000000000       0xe8 esp8266.o
 .text.esp8266_send_cmd
                0x0000000000000000       0xdc esp8266.o
 .text.esp8266_send_data
                0x0000000000000000       0x3c esp8266.o
 .eh_frame      0x0000000000000000       0x88 esp8266.o
 .text          0x0000000000000000        0x0 ZigBee.o
 .data          0x0000000000000000        0x0 ZigBee.o
 .bss           0x0000000000000000        0x0 ZigBee.o
 .text.DL_LN3X_Send
                0x0000000000000000      0x158 ZigBee.o
 .text.Send_ZigBee_data
                0x0000000000000000      0x1d0 ZigBee.o
 .eh_frame      0x0000000000000000      0x150 ZigBee.o
 .text          0x0000000000000000        0x0 queue.o
 .data          0x0000000000000000        0x0 queue.o
 .bss           0x0000000000000000        0x0 queue.o
 .text.Queue_isFull
                0x0000000000000000       0x64 queue.o
 .eh_frame      0x0000000000000000      0x114 queue.o
 .text          0x0000000000000000        0x0 BEEP.o
 .data          0x0000000000000000        0x0 BEEP.o
 .bss           0x0000000000000000        0x0 BEEP.o
 .eh_frame      0x0000000000000000       0x38 BEEP.o

Memory Configuration

Name             Origin             Length             Attributes
flash            0x000000001c000000 0x0000000000020000 xr
IRAM             0x0000000080000000 0x0000000000001000 rw
DRAM             0x0000000080001000 0x0000000000001000 rw
*default*        0x0000000000000000 0xffffffffffffffff

Linker script and memory map


.text           0x000000001c000000     0x6ae4
                0x000000001c000000                . = ALIGN (0x4)
 *(.text .text.*)
 .text._start   0x000000001c000000     0x1128 start.o
                0x000000001c000000                _start
                0x000000001c0000ac                cpu_wait
                0x000000001c000800                m4_flash_4k
 .text          0x000000001c001128       0xbc serial.o
                0x000000001c001128                serial_out
                0x000000001c001144                outputaddr
                0x000000001c0011a4                outputstring
 .text          0x000000001c0011e4      0x148 wakeup.o
                0x000000001c0011e4                cpu_sleep
                0x000000001c00128c                wakeup_reset
 .text.GPIOInit
                0x000000001c00132c       0x98 UserGpio.o
                0x000000001c00132c                GPIOInit
 .text.bsp_init
                0x000000001c0013c4      0x108 init.o
                0x000000001c0013c4                bsp_init
 .text.AFIO_RemapConfig
                0x000000001c0014cc       0xcc ls1x_gpio.o
                0x000000001c0014cc                AFIO_RemapConfig
 .text.gpio_get_pin
                0x000000001c001598       0x50 ls1x_gpio.o
                0x000000001c001598                gpio_get_pin
 .text.gpio_write_pin
                0x000000001c0015e8       0x78 ls1x_gpio.o
                0x000000001c0015e8                gpio_write_pin
 .text.gpio_pin_remap
                0x000000001c001660      0x20c ls1x_gpio.o
                0x000000001c001660                gpio_pin_remap
 .text.gpio_set_direction
                0x000000001c00186c      0x128 ls1x_gpio.o
                0x000000001c00186c                gpio_set_direction
 .text.myputchar
                0x000000001c001994       0x3c ls1x_printf.o
                0x000000001c001994                myputchar
 .text.printbase
                0x000000001c0019d0      0x160 ls1x_printf.o
                0x000000001c0019d0                printbase
 .text.puts     0x000000001c001b30       0x70 ls1x_printf.o
                0x000000001c001b30                puts
 .text.myprintf
                0x000000001c001ba0      0x3a4 ls1x_printf.o
                0x000000001c001ba0                myprintf
 .text.vsputs   0x000000001c001f44       0x54 ls1x_printf.o
                0x000000001c001f44                vsputs
 .text.vsputchar
                0x000000001c001f98       0x44 ls1x_printf.o
                0x000000001c001f98                vsputchar
 .text.vsprintbase
                0x000000001c001fdc      0x17c ls1x_printf.o
                0x000000001c001fdc                vsprintbase
 .text.vsprintf
                0x000000001c002158      0x3d8 ls1x_printf.o
                0x000000001c002158                vsprintf
 .text.sprintf  0x000000001c002530       0x6c ls1x_printf.o
                0x000000001c002530                sprintf
 .text.UART_Init
                0x000000001c00259c      0x2fc ls1x_uart.o
                0x000000001c00259c                UART_Init
 .text.UART_StructInit
                0x000000001c002898       0x7c ls1x_uart.o
                0x000000001c002898                UART_StructInit
 .text.UART_ITConfig
                0x000000001c002914       0x88 ls1x_uart.o
                0x000000001c002914                UART_ITConfig
 .text.UART_SendData
                0x000000001c00299c       0x4c ls1x_uart.o
                0x000000001c00299c                UART_SendData
 .text.UART_SendDataALL
                0x000000001c0029e8       0x78 ls1x_uart.o
                0x000000001c0029e8                UART_SendDataALL
 .text.UART_ReceiveData
                0x000000001c002a60       0x4c ls1x_uart.o
                0x000000001c002a60                UART_ReceiveData
 .text.Uart0_init
                0x000000001c002aac       0xc4 ls1x_uart.o
                0x000000001c002aac                Uart0_init
 .text.Uart1_init
                0x000000001c002b70       0x84 ls1x_uart.o
                0x000000001c002b70                Uart1_init
 .text.CLOCK_WaitForHSEStartUp
                0x000000001c002bf4       0x9c ls1x_clock.o
                0x000000001c002bf4                CLOCK_WaitForHSEStartUp
 .text.CLOCK_WaitForLSEStartUp
                0x000000001c002c90       0xe4 ls1x_clock.o
                0x000000001c002c90                CLOCK_WaitForLSEStartUp
 .text.CLOCK_HSEConfig
                0x000000001c002d74       0xb4 ls1x_clock.o
                0x000000001c002d74                CLOCK_HSEConfig
 .text.CLOCK_LSEConfig
                0x000000001c002e28       0x68 ls1x_clock.o
                0x000000001c002e28                CLOCK_LSEConfig
 .text.CLOCK_StructInit
                0x000000001c002e90       0x64 ls1x_clock.o
                0x000000001c002e90                CLOCK_StructInit
 .text.CLOCK_Init
                0x000000001c002ef4      0x23c ls1x_clock.o
                0x000000001c002ef4                CLOCK_Init
 .text.SystemClockInit
                0x000000001c003130       0x9c ls1x_clock.o
                0x000000001c003130                SystemClockInit
 .text.DisableInt
                0x000000001c0031cc       0x24 ls1x_common.o
                0x000000001c0031cc                DisableInt
 .text.EnableInt
                0x000000001c0031f0       0x24 ls1x_common.o
                0x000000001c0031f0                EnableInt
 .text.Set_Timer_stop
                0x000000001c003214       0x20 ls1x_common.o
                0x000000001c003214                Set_Timer_stop
 .text.Set_Timer_clear
                0x000000001c003234       0x24 ls1x_common.o
                0x000000001c003234                Set_Timer_clear
 .text.Wake_Set
                0x000000001c003258       0xac ls1x_common.o
                0x000000001c003258                Wake_Set
 .text.PMU_GetRstRrc
                0x000000001c003304       0x6c ls1x_pmu.o
                0x000000001c003304                PMU_GetRstRrc
 .text.PMU_GetBootSpiStatus
                0x000000001c003370       0x50 ls1x_pmu.o
                0x000000001c003370                PMU_GetBootSpiStatus
 .text.ls1x_logo
                0x000000001c0033c0       0x9c ls1x_logo.o
                0x000000001c0033c0                ls1x_logo
 .text.get_count
                0x000000001c00345c       0x2c ls1x_latimer.o
                0x000000001c00345c                get_count
 .text.open_count
                0x000000001c003488       0x24 ls1x_latimer.o
                0x000000001c003488                open_count
 .text.start_count
                0x000000001c0034ac       0x48 ls1x_latimer.o
                0x000000001c0034ac                start_count
 .text.stop_count
                0x000000001c0034f4       0x88 ls1x_latimer.o
                0x000000001c0034f4                stop_count
 .text.delay_cycle
                0x000000001c00357c       0x60 ls1x_latimer.o
                0x000000001c00357c                delay_cycle
 .text.delay_ms
                0x000000001c0035dc       0x40 ls1x_latimer.o
                0x000000001c0035dc                delay_ms
 .text.memset   0x000000001c00361c       0x60 ls1x_string.o
                0x000000001c00361c                memset
 .text.strcpy   0x000000001c00367c       0x5c ls1x_string.o
                0x000000001c00367c                strcpy
 .text.strlen   0x000000001c0036d8       0x4c ls1x_string.o
                0x000000001c0036d8                strlen
 .text.EXTI_ClearITPendingBit
                0x000000001c003724       0x3c ls1x_exti.o
                0x000000001c003724                EXTI_ClearITPendingBit
 .text.WDG_getOddValue
                0x000000001c003760       0x88 ls1x_wdg.o
 .text.WDG_SetWatchDog
                0x000000001c0037e8       0x8c ls1x_wdg.o
                0x000000001c0037e8                WDG_SetWatchDog
 .text.WDG_DogFeed
                0x000000001c003874       0x2c ls1x_wdg.o
                0x000000001c003874                WDG_DogFeed
 .text.WdgInit  0x000000001c0038a0       0x30 ls1x_wdg.o
                0x000000001c0038a0                WdgInit
 .text.TOUCH_GetBaseVal
                0x000000001c0038d0       0x4c ls1c102_touch.o
                0x000000001c0038d0                TOUCH_GetBaseVal
 .text.TOUCH_GetCountValue
                0x000000001c00391c       0x4c ls1c102_touch.o
                0x000000001c00391c                TOUCH_GetCountValue
 .text.Printf_KeyChannel
                0x000000001c003968       0x7c ls1c102_touch.o
                0x000000001c003968                Printf_KeyChannel
 .text.Printf_KeyType
                0x000000001c0039e4       0x8c ls1c102_touch.o
                0x000000001c0039e4                Printf_KeyType
 .text.Printf_KeyVal
                0x000000001c003a70      0x254 ls1c102_touch.o
                0x000000001c003a70                Printf_KeyVal
 .text.TIM_Init
                0x000000001c003cc4       0xd8 ls1c102_ptimer.o
                0x000000001c003cc4                TIM_Init
 .text.TIM_StructInit
                0x000000001c003d9c       0x7c ls1c102_ptimer.o
                0x000000001c003d9c                TIM_StructInit
 .text.timer_init
                0x000000001c003e18       0x54 ls1c102_ptimer.o
                0x000000001c003e18                timer_init
 .text.TIM_GetITStatus
                0x000000001c003e6c       0x4c ls1c102_ptimer.o
                0x000000001c003e6c                TIM_GetITStatus
 .text.TIM_ClearIT
                0x000000001c003eb8       0x5c ls1c102_ptimer.o
                0x000000001c003eb8                TIM_ClearIT
 .text.exti_gpioa0_irq_handler
                0x000000001c003f14       0x4c 1c102_Interrupt.o
                0x000000001c003f14                exti_gpioa0_irq_handler
 .text.exti_gpioa1_irq_handler
                0x000000001c003f60       0x4c 1c102_Interrupt.o
                0x000000001c003f60                exti_gpioa1_irq_handler
 .text.exti_gpioa2_irq_handler
                0x000000001c003fac       0x4c 1c102_Interrupt.o
                0x000000001c003fac                exti_gpioa2_irq_handler
 .text.exti_gpioa3_irq_handler
                0x000000001c003ff8       0x4c 1c102_Interrupt.o
                0x000000001c003ff8                exti_gpioa3_irq_handler
 .text.exti_gpioa4_irq_handler
                0x000000001c004044       0x4c 1c102_Interrupt.o
                0x000000001c004044                exti_gpioa4_irq_handler
 .text.exti_gpioa5_irq_handler
                0x000000001c004090       0x4c 1c102_Interrupt.o
                0x000000001c004090                exti_gpioa5_irq_handler
 .text.exti_gpioa6_irq_handler
                0x000000001c0040dc       0x4c 1c102_Interrupt.o
                0x000000001c0040dc                exti_gpioa6_irq_handler
 .text.exti_gpioa7_irq_handler
                0x000000001c004128       0x4c 1c102_Interrupt.o
                0x000000001c004128                exti_gpioa7_irq_handler
 .text.exti_gpiob0_irq_handler
                0x000000001c004174       0x4c 1c102_Interrupt.o
                0x000000001c004174                exti_gpiob0_irq_handler
 .text.exti_gpiob1_irq_handler
                0x000000001c0041c0       0x4c 1c102_Interrupt.o
                0x000000001c0041c0                exti_gpiob1_irq_handler
 .text.exti_gpiob2_irq_handler
                0x000000001c00420c       0x4c 1c102_Interrupt.o
                0x000000001c00420c                exti_gpiob2_irq_handler
 .text.exti_gpiob3_irq_handler
                0x000000001c004258       0x4c 1c102_Interrupt.o
                0x000000001c004258                exti_gpiob3_irq_handler
 .text.exti_gpiob4_irq_handler
                0x000000001c0042a4       0x4c 1c102_Interrupt.o
                0x000000001c0042a4                exti_gpiob4_irq_handler
 .text.exti_gpiob5_irq_handler
                0x000000001c0042f0       0x4c 1c102_Interrupt.o
                0x000000001c0042f0                exti_gpiob5_irq_handler
 .text.exti_gpiob6_irq_handler
                0x000000001c00433c       0x4c 1c102_Interrupt.o
                0x000000001c00433c                exti_gpiob6_irq_handler
 .text.exti_gpiob7_irq_handler
                0x000000001c004388       0x4c 1c102_Interrupt.o
                0x000000001c004388                exti_gpiob7_irq_handler
 .text.exti_gpioc0_irq_handler
                0x000000001c0043d4       0x4c 1c102_Interrupt.o
                0x000000001c0043d4                exti_gpioc0_irq_handler
 .text.exti_gpioc1_irq_handler
                0x000000001c004420       0x4c 1c102_Interrupt.o
                0x000000001c004420                exti_gpioc1_irq_handler
 .text.exti_gpioc2_irq_handler
                0x000000001c00446c       0x4c 1c102_Interrupt.o
                0x000000001c00446c                exti_gpioc2_irq_handler
 .text.exti_gpioc3_irq_handler
                0x000000001c0044b8       0x4c 1c102_Interrupt.o
                0x000000001c0044b8                exti_gpioc3_irq_handler
 .text.exti_gpioc4_irq_handler
                0x000000001c004504       0x4c 1c102_Interrupt.o
                0x000000001c004504                exti_gpioc4_irq_handler
 .text.exti_gpioc5_irq_handler
                0x000000001c004550       0x4c 1c102_Interrupt.o
                0x000000001c004550                exti_gpioc5_irq_handler
 .text.exti_gpioc6_irq_handler
                0x000000001c00459c       0x4c 1c102_Interrupt.o
                0x000000001c00459c                exti_gpioc6_irq_handler
 .text.exti_gpioc7_irq_handler
                0x000000001c0045e8       0x4c 1c102_Interrupt.o
                0x000000001c0045e8                exti_gpioc7_irq_handler
 .text.exti_gpiod0_irq_handler
                0x000000001c004634       0x4c 1c102_Interrupt.o
                0x000000001c004634                exti_gpiod0_irq_handler
 .text.exti_gpiod1_irq_handler
                0x000000001c004680       0x4c 1c102_Interrupt.o
                0x000000001c004680                exti_gpiod1_irq_handler
 .text.exti_gpiod2_irq_handler
                0x000000001c0046cc       0x4c 1c102_Interrupt.o
                0x000000001c0046cc                exti_gpiod2_irq_handler
 .text.exti_gpiod3_irq_handler
                0x000000001c004718       0x4c 1c102_Interrupt.o
                0x000000001c004718                exti_gpiod3_irq_handler
 .text.exti_gpiod4_irq_handler
                0x000000001c004764       0x4c 1c102_Interrupt.o
                0x000000001c004764                exti_gpiod4_irq_handler
 .text.exti_gpiod5_irq_handler
                0x000000001c0047b0       0x4c 1c102_Interrupt.o
                0x000000001c0047b0                exti_gpiod5_irq_handler
 .text.exti_gpiod6_irq_handler
                0x000000001c0047fc       0x4c 1c102_Interrupt.o
                0x000000001c0047fc                exti_gpiod6_irq_handler
 .text.exti_gpiod7_irq_handler
                0x000000001c004848       0x4c 1c102_Interrupt.o
                0x000000001c004848                exti_gpiod7_irq_handler
 .text.ext_handler
                0x000000001c004894       0xb8 1c102_Interrupt.o
                0x000000001c004894                ext_handler
 .text.TIMER_WAKE_INT
                0x000000001c00494c       0x50 1c102_Interrupt.o
                0x000000001c00494c                TIMER_WAKE_INT
 .text.TOUCH    0x000000001c00499c       0x94 1c102_Interrupt.o
                0x000000001c00499c                TOUCH
 .text.UART2_INT
                0x000000001c004a30       0x3c 1c102_Interrupt.o
                0x000000001c004a30                UART2_INT
 .text.BAT_FAIL
                0x000000001c004a6c       0xd8 1c102_Interrupt.o
                0x000000001c004a6c                BAT_FAIL
 .text.TIM_SetCompare1
                0x000000001c004b44       0xec 1c102_Interrupt.o
                0x000000001c004b44                TIM_SetCompare1
 .text.intc_handler
                0x000000001c004c30      0x350 1c102_Interrupt.o
                0x000000001c004c30                intc_handler
 .text.TIMER_HANDLER
                0x000000001c004f80       0x38 1c102_Interrupt.o
                0x000000001c004f80                TIMER_HANDLER
 .text.IIC_Delay
                0x000000001c004fb8       0x3c iic.o
                0x000000001c004fb8                IIC_Delay
 .text.IIC_Init
                0x000000001c004ff4       0x6c iic.o
                0x000000001c004ff4                IIC_Init
 .text.SDA_IN   0x000000001c005060       0x30 iic.o
                0x000000001c005060                SDA_IN
 .text.SDA_OUT  0x000000001c005090       0x3c iic.o
                0x000000001c005090                SDA_OUT
 .text.IIC_Start
                0x000000001c0050cc       0x60 iic.o
                0x000000001c0050cc                IIC_Start
 .text.IIC_Stop
                0x000000001c00512c       0x60 iic.o
                0x000000001c00512c                IIC_Stop
 .text.IIC_Wait_Ack
                0x000000001c00518c       0x94 iic.o
                0x000000001c00518c                IIC_Wait_Ack
 .text.IIC_Send_Byte
                0x000000001c005220       0xac iic.o
                0x000000001c005220                IIC_Send_Byte
 .text.OLED_Hardware_Init
                0x000000001c0052cc       0x28 oled.o
                0x000000001c0052cc                OLED_Hardware_Init
 .text.OLED_WR_Byte
                0x000000001c0052f4       0x6c oled.o
                0x000000001c0052f4                OLED_WR_Byte
 .text.OLED_Set_Pos
                0x000000001c005360       0x88 oled.o
                0x000000001c005360                OLED_Set_Pos
 .text.OLED_Clear
                0x000000001c0053e8       0x9c oled.o
                0x000000001c0053e8                OLED_Clear
 .text.OLED_Init
                0x000000001c005484      0x1c4 oled.o
                0x000000001c005484                OLED_Init
 .text.OLED_ShowChar
                0x000000001c005648      0x128 oled.o
                0x000000001c005648                OLED_ShowChar
 .text.OLED_DrawFont16
                0x000000001c005770      0x19c oled.o
                0x000000001c005770                OLED_DrawFont16
 .text.OLED_DrawFont32
                0x000000001c00590c      0x1a8 oled.o
                0x000000001c00590c                OLED_DrawFont32
 .text.OLED_Show_Str
                0x000000001c005ab4      0x270 oled.o
                0x000000001c005ab4                OLED_Show_Str
 .text.myabs    0x000000001c005d24       0x48 PID.o
                0x000000001c005d24                myabs
 .text.pwm_control
                0x000000001c005d6c       0x40 PID.o
                0x000000001c005d6c                pwm_control
 .text.pid1     0x000000001c005dac      0x190 PID.o
                0x000000001c005dac                pid1
 .text.main     0x000000001c005f3c      0x590 1c102_main.o
                0x000000001c005f3c                main
 .text.DL_LN3X_Init
                0x000000001c0064cc       0xec ZigBee.o
                0x000000001c0064cc                DL_LN3X_Init
 .text.DL_LN3X_Address
                0x000000001c0065b8       0x74 ZigBee.o
                0x000000001c0065b8                DL_LN3X_Address
 .text.DL_LN3X_Channel
                0x000000001c00662c       0x5c ZigBee.o
                0x000000001c00662c                DL_LN3X_Channel
 .text.DL_LN3X_Network_Id
                0x000000001c006688       0x74 ZigBee.o
                0x000000001c006688                DL_LN3X_Network_Id
 .text.DL_LN3X_Baud_Rate
                0x000000001c0066fc       0x5c ZigBee.o
                0x000000001c0066fc                DL_LN3X_Baud_Rate
 .text.DL_LN3X_Reset
                0x000000001c006758       0x38 ZigBee.o
                0x000000001c006758                DL_LN3X_Reset
 .text.Queue_Init
                0x000000001c006790       0x4c queue.o
                0x000000001c006790                Queue_Init
 .text.Queue_isEmpty
                0x000000001c0067dc       0x50 queue.o
                0x000000001c0067dc                Queue_isEmpty
 .text.Queue_HadUse
                0x000000001c00682c       0x64 queue.o
                0x000000001c00682c                Queue_HadUse
 .text.Queue_NoUse
                0x000000001c006890       0x6c queue.o
                0x000000001c006890                Queue_NoUse
 .text.Queue_Wirte
                0x000000001c0068fc       0xdc queue.o
                0x000000001c0068fc                Queue_Wirte
 .text.Queue_Read
                0x000000001c0069d8       0xdc queue.o
                0x000000001c0069d8                Queue_Read
 .text.BEEP_Init
                0x000000001c006ab4       0x30 BEEP.o
                0x000000001c006ab4                BEEP_Init
                0x000000001c006ae4                . = ALIGN (0x4)
                0x000000001c006ae4                _etext = .

.rodata         0x000000001c006b00     0x1fa0
                0x000000001c006b00                . = ALIGN (0x4)
 *(.rodata .rodata.*)
 .rodata        0x000000001c006b00       0x1a serial.o
                0x000000001c006b00                msg_wakeup
 *fill*         0x000000001c006b1a        0x2 
 .rodata        0x000000001c006b1c       0x38 init.o
 .rodata.myprintf
                0x000000001c006b54      0x150 ls1x_printf.o
 .rodata.vsprintf
                0x000000001c006ca4      0x150 ls1x_printf.o
 .rodata        0x000000001c006df4      0x387 ls1x_logo.o
 *fill*         0x000000001c00717b        0x1 
 .rodata        0x000000001c00717c       0x8d ls1c102_touch.o
 *fill*         0x000000001c007209        0x3 
 .rodata        0x000000001c00720c       0xb3 1c102_Interrupt.o
 *fill*         0x000000001c0072bf        0x1 
 .rodata.Ext_IrqHandle
                0x000000001c0072c0       0x80 1c102_Interrupt.o
                0x000000001c0072c0                Ext_IrqHandle
 .rodata.BAT_FAIL
                0x000000001c007340       0x44 1c102_Interrupt.o
 .rodata.__FUNCTION__.1650
                0x000000001c007384       0x18 1c102_Interrupt.o
 .rodata.__FUNCTION__.1654
                0x000000001c00739c       0x18 1c102_Interrupt.o
 .rodata.__FUNCTION__.1658
                0x000000001c0073b4       0x18 1c102_Interrupt.o
 .rodata.__FUNCTION__.1662
                0x000000001c0073cc       0x18 1c102_Interrupt.o
 .rodata.__FUNCTION__.1666
                0x000000001c0073e4       0x18 1c102_Interrupt.o
 .rodata.__FUNCTION__.1670
                0x000000001c0073fc       0x18 1c102_Interrupt.o
 .rodata.__FUNCTION__.1674
                0x000000001c007414       0x18 1c102_Interrupt.o
 .rodata.__FUNCTION__.1678
                0x000000001c00742c       0x18 1c102_Interrupt.o
 .rodata.__FUNCTION__.1682
                0x000000001c007444       0x18 1c102_Interrupt.o
 .rodata.__FUNCTION__.1686
                0x000000001c00745c       0x18 1c102_Interrupt.o
 .rodata.__FUNCTION__.1690
                0x000000001c007474       0x18 1c102_Interrupt.o
 .rodata.__FUNCTION__.1694
                0x000000001c00748c       0x18 1c102_Interrupt.o
 .rodata.__FUNCTION__.1698
                0x000000001c0074a4       0x18 1c102_Interrupt.o
 .rodata.__FUNCTION__.1702
                0x000000001c0074bc       0x18 1c102_Interrupt.o
 .rodata.__FUNCTION__.1706
                0x000000001c0074d4       0x18 1c102_Interrupt.o
 .rodata.__FUNCTION__.1710
                0x000000001c0074ec       0x18 1c102_Interrupt.o
 .rodata.__FUNCTION__.1714
                0x000000001c007504       0x18 1c102_Interrupt.o
 .rodata.__FUNCTION__.1718
                0x000000001c00751c       0x18 1c102_Interrupt.o
 .rodata.__FUNCTION__.1722
                0x000000001c007534       0x18 1c102_Interrupt.o
 .rodata.__FUNCTION__.1726
                0x000000001c00754c       0x18 1c102_Interrupt.o
 .rodata.__FUNCTION__.1730
                0x000000001c007564       0x18 1c102_Interrupt.o
 .rodata.__FUNCTION__.1734
                0x000000001c00757c       0x18 1c102_Interrupt.o
 .rodata.__FUNCTION__.1738
                0x000000001c007594       0x18 1c102_Interrupt.o
 .rodata.__FUNCTION__.1742
                0x000000001c0075ac       0x18 1c102_Interrupt.o
 .rodata.__FUNCTION__.1746
                0x000000001c0075c4       0x18 1c102_Interrupt.o
 .rodata.__FUNCTION__.1750
                0x000000001c0075dc       0x18 1c102_Interrupt.o
 .rodata.__FUNCTION__.1754
                0x000000001c0075f4       0x18 1c102_Interrupt.o
 .rodata.__FUNCTION__.1758
                0x000000001c00760c       0x18 1c102_Interrupt.o
 .rodata.__FUNCTION__.1762
                0x000000001c007624       0x18 1c102_Interrupt.o
 .rodata.__FUNCTION__.1766
                0x000000001c00763c       0x18 1c102_Interrupt.o
 .rodata.__FUNCTION__.1770
                0x000000001c007654       0x18 1c102_Interrupt.o
 .rodata.__FUNCTION__.1774
                0x000000001c00766c       0x18 1c102_Interrupt.o
 .rodata.asc2_1608
                0x000000001c007684      0x5f0 oled.o
                0x000000001c007684                asc2_1608
 .rodata.tfont16
                0x000000001c007c74      0x3b1 oled.o
                0x000000001c007c74                tfont16
 *fill*         0x000000001c008025        0x3 
 .rodata.tfont32
                0x000000001c008028      0xa3c oled.o
                0x000000001c008028                tfont32
 .rodata        0x000000001c008a64       0x3c 1c102_main.o
                0x000000001c008aa0                . = ALIGN (0x4)
                0x000000001c008aa0                _sidata = ALIGN (., 0x4)
                0x000000001c008aa0                . = ALIGN (0x4)

.rela.dyn       0x000000001c008aa0        0x0
 .rela.got      0x000000001c008aa0        0x0 start.o
 .rela.rodata.myprintf
                0x000000001c008aa0        0x0 start.o
 .rela.rodata.vsprintf
                0x000000001c008aa0        0x0 start.o
 .rela.rodata.Ext_IrqHandle
                0x000000001c008aa0        0x0 start.o
 .rela.rodata.BAT_FAIL
                0x000000001c008aa0        0x0 start.o

.data           0x0000000080001000       0x78 load address 0x000000001c008aa0
                0x0000000080001000                _sdata = .
                0x0000000080001000                . = ALIGN (0x4)
 *(.got.plt)
 .got.plt       0x0000000080001000        0x0 start.o
                0x0000000080001000                . = ALIGN (0x4)
 *(.got)
 .got           0x0000000080001000       0x28 start.o
                0x0000000080001000                _GLOBAL_OFFSET_TABLE_
                0x0000000080001028                . = ALIGN (0x4)
 *(.data .data.*)
 .data.g_SystemFreq
                0x0000000080001028        0x4 ls1x_clock.o
                0x0000000080001028                g_SystemFreq
 .data.pwm_max_count
                0x000000008000102c        0x4 1c102_Interrupt.o
                0x000000008000102c                pwm_max_count
 .data.p        0x0000000080001030        0x2 PID.o
                0x0000000080001030                p
 .data.i        0x0000000080001032        0x2 PID.o
                0x0000000080001032                i
 .data.data     0x0000000080001034        0x8 1c102_main.o
                0x0000000080001034                data
 .data.pwm_cmp  0x000000008000103c        0x4 1c102_main.o
                0x000000008000103c                pwm_cmp
 .data.dlln3x_address
                0x0000000080001040        0xa ZigBee.o
                0x0000000080001040                dlln3x_address
 *fill*         0x000000008000104a        0x2 
 .data.dlln3x_network_id
                0x000000008000104c        0xa ZigBee.o
                0x000000008000104c                dlln3x_network_id
 *fill*         0x0000000080001056        0x2 
 .data.dlln3x_channel
                0x0000000080001058        0x9 ZigBee.o
                0x0000000080001058                dlln3x_channel
 *fill*         0x0000000080001061        0x3 
 .data.dlln3x_baud
                0x0000000080001064        0x9 ZigBee.o
                0x0000000080001064                dlln3x_baud
 *fill*         0x000000008000106d        0x3 
 .data.dlln3x_rest
                0x0000000080001070        0x8 ZigBee.o
                0x0000000080001070                dlln3x_rest
                0x0000000080001078                . = ALIGN (0x4)
                0x0000000080001078                _edata = .

.bss            0x0000000080000000      0x2dc
                0x0000000080000000                _sbss = .
                0x0000000080000000                . = ALIGN (0x4)
 *(.sbss)
                0x0000000080000000                . = ALIGN (0x4)
 *(.bss .bss.*)
 .bss.gpio_state0
                0x0000000080000000        0x4 1c102_Interrupt.o
                0x0000000080000000                gpio_state0
 .bss.gpio_state1
                0x0000000080000004        0x4 1c102_Interrupt.o
                0x0000000080000004                gpio_state1
 .bss.count_timer_irq
                0x0000000080000008        0x4 1c102_Interrupt.o
                0x0000000080000008                count_timer_irq
 .bss.pwm_cmp0  0x000000008000000c        0x4 1c102_Interrupt.o
                0x000000008000000c                pwm_cmp0
 .bss.pwm_cmp1  0x0000000080000010        0x4 1c102_Interrupt.o
                0x0000000080000010                pwm_cmp1
 .bss.t         0x0000000080000014        0x4 1c102_Interrupt.o
                0x0000000080000014                t
 .bss.str       0x0000000080000018       0x14 1c102_Interrupt.o
 .bss.receive_Data.1837
                0x000000008000002c        0x1 1c102_Interrupt.o
 *fill*         0x000000008000002d        0x1 
 .bss.Err       0x000000008000002e        0x2 PID.o
                0x000000008000002e                Err
 .bss.last_err  0x0000000080000030        0x2 PID.o
                0x0000000080000030                last_err
 .bss.next_err  0x0000000080000032        0x2 PID.o
                0x0000000080000032                next_err
 .bss.pwm       0x0000000080000034        0x2 PID.o
                0x0000000080000034                pwm
 .bss.add       0x0000000080000036        0x2 PID.o
                0x0000000080000036                add
 .bss.d         0x0000000080000038        0x2 PID.o
                0x0000000080000038                d
 .bss.temp      0x000000008000003a        0x2 1c102_main.o
 .bss.humi      0x000000008000003c        0x2 1c102_main.o
 .bss.fire      0x000000008000003e        0x1 1c102_main.o
 *fill*         0x000000008000003f        0x1 
 .bss.air       0x0000000080000040        0x2 1c102_main.o
 .bss.fs_state  0x0000000080000042        0x1 1c102_main.o
 .bss.x         0x0000000080000043        0x1 1c102_main.o
                0x0000000080000043                x
 .bss.y         0x0000000080000044        0x1 1c102_main.o
                0x0000000080000044                y
 *fill*         0x0000000080000045        0x1 
 .bss.r         0x0000000080000046        0x2 1c102_main.o
                0x0000000080000046                r
                0x0000000080000048                . = ALIGN (0x4)
 *(.scommon)
                0x0000000080000048                . = ALIGN (0x4)
 *(COMMON)
 COMMON         0x0000000080000048       0x36 1c102_main.o
                0x0000000080000048                Read_length
                0x000000008000004a                v
                0x000000008000004c                str
 *fill*         0x000000008000007e        0x2 
 COMMON         0x0000000080000080      0x12c esp8266.o
                0x0000000080000080                Read_Buffer
 COMMON         0x00000000800001ac      0x130 queue.o
                0x00000000800001ac                Circular_queue
                0x00000000800002dc                . = ALIGN (0x4)
                0x00000000800002dc                _ebss = .
LOAD start.o
LOAD serial.o
LOAD wakeup.o
LOAD UserGpio.o
LOAD init.o
LOAD ls1x_gpio.o
LOAD ls1x_spi.o
LOAD ls1x_printf.o
LOAD ls1x_uart.o
LOAD ls1x_clock.o
LOAD ls1x_common.o
LOAD ls1x_pmu.o
LOAD ls1x_logo.o
LOAD ls1x_latimer.o
LOAD ls1x_string.o
LOAD ls1x_flash.o
LOAD ls1x_rtc.o
LOAD ls1x_exti.o
LOAD ls1x_wdg.o
LOAD ls1c102_i2c.o
LOAD ls1c102_vpwm.o
LOAD ls1c102_adc.o
LOAD ls1c102_touch.o
LOAD ls1c102_ptimer.o
LOAD 1c102_cmdline.o
LOAD 1c102_cmd.o
LOAD 1c102_Interrupt.o
LOAD iic.o
LOAD oled.o
LOAD PID.o
LOAD 1c102_main.o
LOAD dht11.o
LOAD led.o
LOAD key.o
LOAD esp8266.o
LOAD ZigBee.o
LOAD queue.o
LOAD BEEP.o
OUTPUT(1c102_demo.elf elf32-loongarch)

.comment        0x0000000000000000       0x11
 .comment       0x0000000000000000       0x11 UserGpio.o
                                         0x12 (size before relaxing)
 .comment       0x0000000000000011       0x12 init.o
 .comment       0x0000000000000011       0x12 ls1x_gpio.o
 .comment       0x0000000000000011       0x12 ls1x_printf.o
 .comment       0x0000000000000011       0x12 ls1x_uart.o
 .comment       0x0000000000000011       0x12 ls1x_clock.o
 .comment       0x0000000000000011       0x12 ls1x_common.o
 .comment       0x0000000000000011       0x12 ls1x_pmu.o
 .comment       0x0000000000000011       0x12 ls1x_logo.o
 .comment       0x0000000000000011       0x12 ls1x_latimer.o
 .comment       0x0000000000000011       0x12 ls1x_string.o
 .comment       0x0000000000000011       0x12 ls1x_exti.o
 .comment       0x0000000000000011       0x12 ls1x_wdg.o
 .comment       0x0000000000000011       0x12 ls1c102_touch.o
 .comment       0x0000000000000011       0x12 ls1c102_ptimer.o
 .comment       0x0000000000000011       0x12 1c102_Interrupt.o
 .comment       0x0000000000000011       0x12 iic.o
 .comment       0x0000000000000011       0x12 oled.o
 .comment       0x0000000000000011       0x12 PID.o
 .comment       0x0000000000000011       0x12 1c102_main.o
 .comment       0x0000000000000011       0x12 esp8266.o
 .comment       0x0000000000000011       0x12 ZigBee.o
 .comment       0x0000000000000011       0x12 queue.o
 .comment       0x0000000000000011       0x12 BEEP.o
